[     356ms] [ERROR] Failed to load resource: the server responded with a status of 500 (Internal Server Error) @ http://localhost:3000/login:0
[     465ms] [INFO] %cDownload the React DevTools for a better development experience: https://react.dev/link/react-devtools font-weight:bold @ http://localhost:3000/_next/static/chunks/node_modules_react-dom_0bruynb._.js:15305
[     521ms] Error: ./app/(app)/management/dashboard/page.tsx:365:3
Expression expected
  363 |       </div>
  364 |     </div>
> 365 |   );
      |   ^
  366 | }
  367 |

Parsing ecmascript source code failed

Import traces:
  Client Component Browser:
    ./app/(app)/management/dashboard/page.tsx [Client Component Browser]
    ./app/(app)/management/dashboard/page.tsx [Server Component]

  Client Component SSR:
    ./app/(app)/management/dashboard/page.tsx [Client Component SSR]
    ./app/(app)/management/dashboard/page.tsx [Server Component]


    at <unknown> (Error: ./app/(app)/management/dashboard/page.tsx:365:3)
    at Object.getCompilationErrors (file:///Users/varun/projects/LMS/node_modules/next/dist/server/dev/hot-reloader-turbopack.js:1186:59)
    at DevBundlerService.getCompilationError (file:///Users/varun/projects/LMS/node_modules/next/dist/server/lib/dev-bundler-service.js:44:55)
    at DevServer.getCompilationError (file:///Users/varun/projects/LMS/node_modules/next/dist/server/dev/next-dev-server.js:719:42)
    at DevServer.findPageComponents (file:///Users/varun/projects/LMS/node_modules/next/dist/server/dev/next-dev-server.js:689:43)
    at async DevServer.renderErrorToResponseImpl (file:///Users/varun/projects/LMS/node_modules/next/dist/server/base-server.js:1745:26)
[     514ms] [LOG] [HMR] connected @ http://localhost:3000/_next/static/chunks/node_modules_next_dist_0u_w_5s._.js:1226
[     517ms] [ERROR] ./app/(app)/management/dashboard/page.tsx:365:3
Expression expected
  363 |       </div>
  364 |     </div>
> 365 |   );
      |   ^
  366 | }
  367 |

Parsing ecmascript source code failed

Import traces:
  Client Component Browser:
    ./app/(app)/management/dashboard/page.tsx [Client Component Browser]
    ./app/(app)/management/dashboard/page.tsx [Server Component]

  Client Component SSR:
    ./app/(app)/management/dashboard/page.tsx [Client Component SSR]
    ./app/(app)/management/dashboard/page.tsx [Server Component] @ http://localhost:3000/_next/static/chunks/node_modules_next_dist_0u_w_5s._.js:1945
[     548ms] [ERROR] Failed to load resource: the server responded with a status of 404 (Not Found) @ http://localhost:3000/favicon.ico:0
[     643ms] [LOG] [Fast Refresh] rebuilding @ http://localhost:3000/_next/static/chunks/node_modules_next_dist_0u_w_5s._.js:1226
[     767ms] [ERROR] ./app/(app)/management/dashboard/page.tsx:365:3
Expression expected
  363 |       </div>
  364 |     </div>
> 365 |   );
      |   ^
  366 | }
  367 |

Parsing ecmascript source code failed

Import traces:
  Client Component Browser:
    ./app/(app)/management/dashboard/page.tsx [Client Component Browser]
    ./app/(app)/management/dashboard/page.tsx [Server Component]

  Client Component SSR:
    ./app/(app)/management/dashboard/page.tsx [Client Component SSR]
    ./app/(app)/management/dashboard/page.tsx [Server Component] @ http://localhost:3000/_next/static/chunks/node_modules_next_dist_0u_w_5s._.js:1945
[   17541ms] [LOG] [Fast Refresh] rebuilding @ http://localhost:3000/_next/static/chunks/node_modules_next_dist_0u_w_5s._.js:1226
[   18484ms] [ERROR] ./app/(app)/management/dashboard/page.tsx:1:10
You're importing a module that depends on `useEffect` into a React Server Component module. This API is only available in Client Components. To fix, mark the file (or its parent) with the `"use client"` directive.
    Learn more: https://nextjs.org/docs/app/api-reference/directives/use-client
> 1 | import { useEffect, useState } from "react";
    |          ^^^^^^^^^
  2 | import { useRouter } from "next/navigation";
  3 | import { Card } from "@/components/ui/Card";
  4 | import { Badge } from "@/components/ui/Badge";

Ecmascript file had an error @ http://localhost:3000/_next/static/chunks/node_modules_next_dist_0u_w_5s._.js:1945
[   18484ms] [ERROR] ./app/(app)/management/dashboard/page.tsx:2:10
You're importing a module that depends on `useRouter` into a React Server Component module. This API is only available in Client Components. To fix, mark the file (or its parent) with the `"use client"` directive.
    Learn more: https://nextjs.org/docs/app/api-reference/directives/use-client
  1 | import { useEffect, useState } from "react";
> 2 | import { useRouter } from "next/navigation";
    |          ^^^^^^^^^
  3 | import { Card } from "@/components/ui/Card";
  4 | import { Badge } from "@/components/ui/Badge";
  5 | import { Button } from "@/components/ui/Button";

Ecmascript file had an error @ http://localhost:3000/_next/static/chunks/node_modules_next_dist_0u_w_5s._.js:1945
[   18484ms] [ERROR] ./app/(app)/management/dashboard/page.tsx:1:21
You're importing a module that depends on `useState` into a React Server Component module. This API is only available in Client Components. To fix, mark the file (or its parent) with the `"use client"` directive.
    Learn more: https://nextjs.org/docs/app/api-reference/directives/use-client
> 1 | import { useEffect, useState } from "react";
    |                     ^^^^^^^^
  2 | import { useRouter } from "next/navigation";
  3 | import { Card } from "@/components/ui/Card";
  4 | import { Badge } from "@/components/ui/Badge";

Ecmascript file had an error @ http://localhost:3000/_next/static/chunks/node_modules_next_dist_0u_w_5s._.js:1945
[   18796ms] [ERROR] Failed to load resource: the server responded with a status of 500 (Internal Server Error) @ http://localhost:3000/login:0
[   18857ms] [INFO] %cDownload the React DevTools for a better development experience: https://react.dev/link/react-devtools font-weight:bold @ http://localhost:3000/_next/static/chunks/node_modules_react-dom_0bruynb._.js:15305
[   18877ms] Error: ./app/(app)/management/dashboard/page.tsx:1:10
You're importing a module that depends on `useEffect` into a React Server Component module. This API is only available in Client Components. To fix, mark the file (or its parent) with the `"use client"` directive.
    Learn more: https://nextjs.org/docs/app/api-reference/directives/use-client
> 1 | import { useEffect, useState } from "react";
    |          ^^^^^^^^^
  2 | import { useRouter } from "next/navigation";
  3 | import { Card } from "@/components/ui/Card";
  4 | import { Badge } from "@/components/ui/Badge";

Ecmascript file had an error


    at <unknown> (Error: ./app/(app)/management/dashboard/page.tsx:1:10)
    at Object.getCompilationErrors (file:///Users/varun/projects/LMS/node_modules/next/dist/server/dev/hot-reloader-turbopack.js:1186:59)
    at DevBundlerService.getCompilationError (file:///Users/varun/projects/LMS/node_modules/next/dist/server/lib/dev-bundler-service.js:44:55)
    at DevServer.getCompilationError (file:///Users/varun/projects/LMS/node_modules/next/dist/server/dev/next-dev-server.js:719:42)
    at DevServer.findPageComponents (file:///Users/varun/projects/LMS/node_modules/next/dist/server/dev/next-dev-server.js:689:43)
    at async DevServer.renderErrorToResponseImpl (file:///Users/varun/projects/LMS/node_modules/next/dist/server/base-server.js:1745:26)
[   18875ms] [LOG] [HMR] connected @ http://localhost:3000/_next/static/chunks/node_modules_next_dist_0u_w_5s._.js:1226
[   18882ms] [ERROR] ./app/(app)/management/dashboard/page.tsx:1:10
You're importing a module that depends on `useEffect` into a React Server Component module. This API is only available in Client Components. To fix, mark the file (or its parent) with the `"use client"` directive.
    Learn more: https://nextjs.org/docs/app/api-reference/directives/use-client
> 1 | import { useEffect, useState } from "react";
    |          ^^^^^^^^^
  2 | import { useRouter } from "next/navigation";
  3 | import { Card } from "@/components/ui/Card";
  4 | import { Badge } from "@/components/ui/Badge";

Ecmascript file had an error @ http://localhost:3000/_next/static/chunks/node_modules_next_dist_0u_w_5s._.js:1945
[   18882ms] [ERROR] ./app/(app)/management/dashboard/page.tsx:2:10
You're importing a module that depends on `useRouter` into a React Server Component module. This API is only available in Client Components. To fix, mark the file (or its parent) with the `"use client"` directive.
    Learn more: https://nextjs.org/docs/app/api-reference/directives/use-client
  1 | import { useEffect, useState } from "react";
> 2 | import { useRouter } from "next/navigation";
    |          ^^^^^^^^^
  3 | import { Card } from "@/components/ui/Card";
  4 | import { Badge } from "@/components/ui/Badge";
  5 | import { Button } from "@/components/ui/Button";

Ecmascript file had an error @ http://localhost:3000/_next/static/chunks/node_modules_next_dist_0u_w_5s._.js:1945
[   18882ms] [ERROR] ./app/(app)/management/dashboard/page.tsx:1:21
You're importing a module that depends on `useState` into a React Server Component module. This API is only available in Client Components. To fix, mark the file (or its parent) with the `"use client"` directive.
    Learn more: https://nextjs.org/docs/app/api-reference/directives/use-client
> 1 | import { useEffect, useState } from "react";
    |                     ^^^^^^^^
  2 | import { useRouter } from "next/navigation";
  3 | import { Card } from "@/components/ui/Card";
  4 | import { Badge } from "@/components/ui/Badge";

Ecmascript file had an error @ http://localhost:3000/_next/static/chunks/node_modules_next_dist_0u_w_5s._.js:1945
[   18921ms] [ERROR] ./app/(app)/management/dashboard/page.tsx:1:10
You're importing a module that depends on `useEffect` into a React Server Component module. This API is only available in Client Components. To fix, mark the file (or its parent) with the `"use client"` directive.
    Learn more: https://nextjs.org/docs/app/api-reference/directives/use-client
> 1 | import { useEffect, useState } from "react";
    |          ^^^^^^^^^
  2 | import { useRouter } from "next/navigation";
  3 | import { Card } from "@/components/ui/Card";
  4 | import { Badge } from "@/components/ui/Badge";

Ecmascript file had an error @ http://localhost:3000/_next/static/chunks/node_modules_next_dist_0u_w_5s._.js:1945
[   18921ms] [ERROR] ./app/(app)/management/dashboard/page.tsx:2:10
You're importing a module that depends on `useRouter` into a React Server Component module. This API is only available in Client Components. To fix, mark the file (or its parent) with the `"use client"` directive.
    Learn more: https://nextjs.org/docs/app/api-reference/directives/use-client
  1 | import { useEffect, useState } from "react";
> 2 | import { useRouter } from "next/navigation";
    |          ^^^^^^^^^
  3 | import { Card } from "@/components/ui/Card";
  4 | import { Badge } from "@/components/ui/Badge";
  5 | import { Button } from "@/components/ui/Button";

Ecmascript file had an error @ http://localhost:3000/_next/static/chunks/node_modules_next_dist_0u_w_5s._.js:1945
[   18921ms] [ERROR] ./app/(app)/management/dashboard/page.tsx:1:21
You're importing a module that depends on `useState` into a React Server Component module. This API is only available in Client Components. To fix, mark the file (or its parent) with the `"use client"` directive.
    Learn more: https://nextjs.org/docs/app/api-reference/directives/use-client
> 1 | import { useEffect, useState } from "react";
    |                     ^^^^^^^^
  2 | import { useRouter } from "next/navigation";
  3 | import { Card } from "@/components/ui/Card";
  4 | import { Badge } from "@/components/ui/Badge";

Ecmascript file had an error @ http://localhost:3000/_next/static/chunks/node_modules_next_dist_0u_w_5s._.js:1945
[   18981ms] [LOG] [Fast Refresh] rebuilding @ http://localhost:3000/_next/static/chunks/node_modules_next_dist_0u_w_5s._.js:1226
[   19578ms] [ERROR] ./app/(app)/management/dashboard/page.tsx:1:10
You're importing a module that depends on `useEffect` into a React Server Component module. This API is only available in Client Components. To fix, mark the file (or its parent) with the `"use client"` directive.
    Learn more: https://nextjs.org/docs/app/api-reference/directives/use-client
> 1 | import { useEffect, useState } from "react";
    |          ^^^^^^^^^
  2 | import { useRouter } from "next/navigation";
  3 | import { Card } from "@/components/ui/Card";
  4 | import { Badge } from "@/components/ui/Badge";

Ecmascript file had an error @ http://localhost:3000/_next/static/chunks/node_modules_next_dist_0u_w_5s._.js:1945
[   19578ms] [ERROR] ./app/(app)/management/dashboard/page.tsx:2:10
You're importing a module that depends on `useRouter` into a React Server Component module. This API is only available in Client Components. To fix, mark the file (or its parent) with the `"use client"` directive.
    Learn more: https://nextjs.org/docs/app/api-reference/directives/use-client
  1 | import { useEffect, useState } from "react";
> 2 | import { useRouter } from "next/navigation";
    |          ^^^^^^^^^
  3 | import { Card } from "@/components/ui/Card";
  4 | import { Badge } from "@/components/ui/Badge";
  5 | import { Button } from "@/components/ui/Button";

Ecmascript file had an error @ http://localhost:3000/_next/static/chunks/node_modules_next_dist_0u_w_5s._.js:1945
[   19578ms] [ERROR] ./app/(app)/management/dashboard/page.tsx:1:21
You're importing a module that depends on `useState` into a React Server Component module. This API is only available in Client Components. To fix, mark the file (or its parent) with the `"use client"` directive.
    Learn more: https://nextjs.org/docs/app/api-reference/directives/use-client
> 1 | import { useEffect, useState } from "react";
    |                     ^^^^^^^^
  2 | import { useRouter } from "next/navigation";
  3 | import { Card } from "@/components/ui/Card";
  4 | import { Badge } from "@/components/ui/Badge";

Ecmascript file had an error @ http://localhost:3000/_next/static/chunks/node_modules_next_dist_0u_w_5s._.js:1945
[   19639ms] [LOG] [Fast Refresh] rebuilding @ http://localhost:3000/_next/static/chunks/node_modules_next_dist_0u_w_5s._.js:1226
[   19971ms] [ERROR] ./app/(app)/management/dashboard/page.tsx:1:10
You're importing a module that depends on `useEffect` into a React Server Component module. This API is only available in Client Components. To fix, mark the file (or its parent) with the `"use client"` directive.
    Learn more: https://nextjs.org/docs/app/api-reference/directives/use-client
> 1 | import { useEffect, useState } from "react";
    |          ^^^^^^^^^
  2 | import { useRouter } from "next/navigation";
  3 | import { Card } from "@/components/ui/Card";
  4 | import { Badge } from "@/components/ui/Badge";

Ecmascript file had an error @ http://localhost:3000/_next/static/chunks/node_modules_next_dist_0u_w_5s._.js:1945
[   19971ms] [ERROR] ./app/(app)/management/dashboard/page.tsx:2:10
You're importing a module that depends on `useRouter` into a React Server Component module. This API is only available in Client Components. To fix, mark the file (or its parent) with the `"use client"` directive.
    Learn more: https://nextjs.org/docs/app/api-reference/directives/use-client
  1 | import { useEffect, useState } from "react";
> 2 | import { useRouter } from "next/navigation";
    |          ^^^^^^^^^
  3 | import { Card } from "@/components/ui/Card";
  4 | import { Badge } from "@/components/ui/Badge";
  5 | import { Button } from "@/components/ui/Button";

Ecmascript file had an error @ http://localhost:3000/_next/static/chunks/node_modules_next_dist_0u_w_5s._.js:1945
[   19971ms] [ERROR] ./app/(app)/management/dashboard/page.tsx:1:21
You're importing a module that depends on `useState` into a React Server Component module. This API is only available in Client Components. To fix, mark the file (or its parent) with the `"use client"` directive.
    Learn more: https://nextjs.org/docs/app/api-reference/directives/use-client
> 1 | import { useEffect, useState } from "react";
    |                     ^^^^^^^^
  2 | import { useRouter } from "next/navigation";
  3 | import { Card } from "@/components/ui/Card";
  4 | import { Badge } from "@/components/ui/Badge";

Ecmascript file had an error @ http://localhost:3000/_next/static/chunks/node_modules_next_dist_0u_w_5s._.js:1945
[   19990ms] [ERROR] ./app/(app)/management/dashboard/page.tsx:1:10
You're importing a module that depends on `useEffect` into a React Server Component module. This API is only available in Client Components. To fix, mark the file (or its parent) with the `"use client"` directive.
    Learn more: https://nextjs.org/docs/app/api-reference/directives/use-client
> 1 | import { useEffect, useState } from "react";
    |          ^^^^^^^^^
  2 | import { useRouter } from "next/navigation";
  3 | import { Card } from "@/components/ui/Card";
  4 | import { Badge } from "@/components/ui/Badge";

Ecmascript file had an error @ http://localhost:3000/_next/static/chunks/node_modules_next_dist_0u_w_5s._.js:1945
[   19990ms] [ERROR] ./app/(app)/management/dashboard/page.tsx:2:10
You're importing a module that depends on `useRouter` into a React Server Component module. This API is only available in Client Components. To fix, mark the file (or its parent) with the `"use client"` directive.
    Learn more: https://nextjs.org/docs/app/api-reference/directives/use-client
  1 | import { useEffect, useState } from "react";
> 2 | import { useRouter } from "next/navigation";
    |          ^^^^^^^^^
  3 | import { Card } from "@/components/ui/Card";
  4 | import { Badge } from "@/components/ui/Badge";
  5 | import { Button } from "@/components/ui/Button";

Ecmascript file had an error @ http://localhost:3000/_next/static/chunks/node_modules_next_dist_0u_w_5s._.js:1945
[   19990ms] [ERROR] ./app/(app)/management/dashboard/page.tsx:1:21
You're importing a module that depends on `useState` into a React Server Component module. This API is only available in Client Components. To fix, mark the file (or its parent) with the `"use client"` directive.
    Learn more: https://nextjs.org/docs/app/api-reference/directives/use-client
> 1 | import { useEffect, useState } from "react";
    |                     ^^^^^^^^
  2 | import { useRouter } from "next/navigation";
  3 | import { Card } from "@/components/ui/Card";
  4 | import { Badge } from "@/components/ui/Badge";

Ecmascript file had an error @ http://localhost:3000/_next/static/chunks/node_modules_next_dist_0u_w_5s._.js:1945
[   20072ms] [LOG] [Fast Refresh] rebuilding @ http://localhost:3000/_next/static/chunks/node_modules_next_dist_0u_w_5s._.js:1226
[   20247ms] [ERROR] ./app/(app)/management/dashboard/page.tsx:1:10
You're importing a module that depends on `useEffect` into a React Server Component module. This API is only available in Client Components. To fix, mark the file (or its parent) with the `"use client"` directive.
    Learn more: https://nextjs.org/docs/app/api-reference/directives/use-client
> 1 | import { useEffect, useState } from "react";
    |          ^^^^^^^^^
  2 | import { useRouter } from "next/navigation";
  3 | import { Card } from "@/components/ui/Card";
  4 | import { Badge } from "@/components/ui/Badge";

Ecmascript file had an error @ http://localhost:3000/_next/static/chunks/node_modules_next_dist_0u_w_5s._.js:1945
[   20247ms] [ERROR] ./app/(app)/management/dashboard/page.tsx:2:10
You're importing a module that depends on `useRouter` into a React Server Component module. This API is only available in Client Components. To fix, mark the file (or its parent) with the `"use client"` directive.
    Learn more: https://nextjs.org/docs/app/api-reference/directives/use-client
  1 | import { useEffect, useState } from "react";
> 2 | import { useRouter } from "next/navigation";
    |          ^^^^^^^^^
  3 | import { Card } from "@/components/ui/Card";
  4 | import { Badge } from "@/components/ui/Badge";
  5 | import { Button } from "@/components/ui/Button";

Ecmascript file had an error @ http://localhost:3000/_next/static/chunks/node_modules_next_dist_0u_w_5s._.js:1945
[   20247ms] [ERROR] ./app/(app)/management/dashboard/page.tsx:1:21
You're importing a module that depends on `useState` into a React Server Component module. This API is only available in Client Components. To fix, mark the file (or its parent) with the `"use client"` directive.
    Learn more: https://nextjs.org/docs/app/api-reference/directives/use-client
> 1 | import { useEffect, useState } from "react";
    |                     ^^^^^^^^
  2 | import { useRouter } from "next/navigation";
  3 | import { Card } from "@/components/ui/Card";
  4 | import { Badge } from "@/components/ui/Badge";

Ecmascript file had an error @ http://localhost:3000/_next/static/chunks/node_modules_next_dist_0u_w_5s._.js:1945
[   20299ms] [LOG] [Fast Refresh] rebuilding @ http://localhost:3000/_next/static/chunks/node_modules_next_dist_0u_w_5s._.js:1226
