[     220ms] [INFO] %cDownload the React DevTools for a better development experience: https://react.dev/link/react-devtools font-weight:bold @ http://localhost:3000/_next/static/chunks/node_modules_next_dist_115brz8._.js:2431
[     277ms] [LOG] [HMR] connected @ http://localhost:3000/_next/static/chunks/node_modules_next_dist_115brz8._.js:2431
[     428ms] [ERROR] Failed to load resource: the server responded with a status of 404 (Not Found) @ http://localhost:3000/favicon.ico:0
[  170409ms] [LOG] [Fast Refresh] rebuilding @ http://localhost:3000/_next/static/chunks/node_modules_next_dist_115brz8._.js:2431
[  170568ms] [ERROR] ./app/(app)/management/dashboard/page.tsx:365:3
Expression expected
  363 |       </div>
  364 |     </div>
> 365 |   );
      |   ^
  366 | }
  367 |

Parsing ecmascript source code failed

Import traces:
  Client Component Browser:
    ./app/(app)/management/dashboard/page.tsx [Client Component Browser]
    ./app/(app)/management/dashboard/page.tsx [Server Component]

  Client Component SSR:
    ./app/(app)/management/dashboard/page.tsx [Client Component SSR]
    ./app/(app)/management/dashboard/page.tsx [Server Component] @ http://localhost:3000/_next/static/chunks/node_modules_next_dist_115brz8._.js:3272
[  170994ms] [ERROR] ./app/(app)/management/dashboard/page.tsx:365:3
Expression expected
  363 |       </div>
  364 |     </div>
> 365 |   );
      |   ^
  366 | }
  367 |

Parsing ecmascript source code failed

Import traces:
  Client Component Browser:
    ./app/(app)/management/dashboard/page.tsx [Client Component Browser]
    ./app/(app)/management/dashboard/page.tsx [Server Component]

  Client Component SSR:
    ./app/(app)/management/dashboard/page.tsx [Client Component SSR]
    ./app/(app)/management/dashboard/page.tsx [Server Component] @ http://localhost:3000/_next/static/chunks/node_modules_next_dist_115brz8._.js:3272
[  171060ms] [LOG] [Fast Refresh] rebuilding @ http://localhost:3000/_next/static/chunks/node_modules_next_dist_115brz8._.js:2431
